ASxxxx Linker V03.00 + NoICE + sdld,  page 1.
Hexadecimal  [32-Bits]

Area                                    Addr        Size        Decimal Bytes (Attributes)
--------------------------------        ----        ----        ------- ----- ------------
.  .ABS.                            00000000    00000000 =           0. bytes (ABS,CON)

      Value  Global                              Global Defined In Module
      -----  --------------------------------   ------------------------
     FFFFFFFF  s_SSEG                          
     00000000  .__.ABS.                           EFORTH
     00000000  ERR_NONE                           PROC_TABLE
     00000000  FSYS_TIMER                         HW_INIT
     00000000  SPI_CS_RAM                         HW_INIT
     00000000  SYS_RST                            HW_INIT
     00000000  l_APP_DATA                      
     00000000  l_APP_DATA1                     
     00000000  l_SSEG                          
     00000000  l__CODE                         
     00000000  s_APP_DATA                      
     00000000  s_APP_DATA0                     
     00000000  s_APP_DATA1                     
     00000000  s_SSEG0                         
     00000000  s__CODE                         
     00000001  ERR_SYNTAX                         PROC_TABLE
     00000001  FSYS_TONE                          HW_INIT
     00000001  SPI_CS_EEPROM                      HW_INIT
     00000001  s_DATA                          
     00000002  CELL_SIZE                          EFORTH
     00000002  ERR_GT32767                        PROC_TABLE
     00000002  FSYS_UPPER                         HW_INIT
     00000002  INT_SIZE                           EFORTH
     00000002  PUTC                               HW_INIT
     00000003  ERR_GT255                          PROC_TABLE
     00000003  GETC                               HW_INIT
     00000004  ERR_BAD_BRANCH                     PROC_TABLE
     00000004  QCHAR                              HW_INIT
     00000005  CLS                                HW_INIT
     00000005  ERR_BAD_RETURN                     PROC_TABLE
     00000006  DELBK                              HW_INIT
     00000006  ERR_BAD_NEXT                       PROC_TABLE
     00000007  ERR_GOSUBS                         PROC_TABLE
     00000007  GETLN                              HW_INIT
     00000008  ERR_FORS                           PROC_TABLE
     00000008  PRT_STR                            HW_INIT
     00000009  ERR_END                            PROC_TABLE
     00000009  PRT_INT                            HW_INIT
     0000000A  ERR_MEM_FULL                       PROC_TABLE
     0000000A  SET_TIMER                          HW_INIT
     0000000B  CHK_TIMOUT                         HW_INIT
     0000000B  ERR_TOO_LONG                       PROC_TABLE
     0000000C  ERR_DIM                            PROC_TABLE
     0000000C  START_TONE                         HW_INIT
     0000000D  ERR_RANGE                          PROC_TABLE
     0000000D  GET_RND                            HW_INIT
     0000000E  ERR_STR_OVFL                       PROC_TABLE
     0000000E  SEED_PRNG                          HW_INIT
     0000000F  ERR_STRING                         PROC_TABLE
     00000010  ERR_RETYPE                         PROC_TABLE
ASxxxx Linker V03.00 + NoICE + sdld,  page 2.
Hexadecimal  [32-Bits]

Area                                    Addr        Size        Decimal Bytes (Attributes)
--------------------------------        ----        ----        ------- ----- ------------
.  .ABS.                            00000000    00000000 =           0. bytes (ABS,CON)

      Value  Global                              Global Defined In Module
      -----  --------------------------------   ------------------------
     00000010  RX_QUEUE_SIZE                      HW_INIT
     00000011  ERR_PROG_ONLY                      PROC_TABLE
     00000012  ERR_DIV0                           PROC_TABLE
     00000012  SYS_VARS_SIZE                      HW_INIT
     00000016  TERMIOS_VARS_SIZE                  HW_INIT
     0000002C  l_DATA                          
     0000003C  l_APP_DATA0                     
     00000080  PAD_SIZE                           EFORTH
     00000080  STACK_SIZE                         EFORTH
     00000080  TIB_SIZE                           EFORTH
     00000080  l_HOME                          
     00000100  PAGE0_SIZE                         EFORTH
     00000180  l_SSEG0                         
     00001580  FREE_RAM                           EFORTH
     00004553  l_CODE                          
     00008000  s_HOME                          
     00008080  s_CODE                          
     0000C000  FS_BASE                            EFORTH
     0000C000  FS_SIZE                            EFORTH
ASxxxx Linker V03.00 + NoICE + sdld,  page 3.
Hexadecimal  [32-Bits]

Area                                    Addr        Size        Decimal Bytes (Attributes)
--------------------------------        ----        ----        ------- ----- ------------
SSEG0                               00000000    00000180 =         384. bytes (ABS,CON)

      Value  Global                              Global Defined In Module
      -----  --------------------------------   ------------------------
     00001680  tib                                HW_INIT
     00001700  block_buffer                       HW_INIT
     00001700  pad                                HW_INIT
     00001780  stack_full                         HW_INIT
     00001800  stack_unf                          HW_INIT

ASxxxx Linker V03.00 + NoICE + sdld,  page 4.
Hexadecimal  [32-Bits]

Area                                    Addr        Size        Decimal Bytes (Attributes)
--------------------------------        ----        ----        ------- ----- ------------
DATA                                00000001    0000002C =          44. bytes (REL,CON)

      Value  Global                              Global Defined In Module
      -----  --------------------------------   ------------------------
     00000001  ticks                              HW_INIT
     00000003  timer                              HW_INIT
     00000005  tone_ms                            HW_INIT
     00000007  sys_flags                          HW_INIT
     00000008  seedx                              HW_INIT
     0000000A  seedy                              HW_INIT
     0000000C  base                               HW_INIT
     0000000D  fmstr                              HW_INIT
     0000000E  farptr                             HW_INIT
     0000000F  ptr16                              HW_INIT
     00000010  ptr8                               HW_INIT
     00000011  trap_ret                           HW_INIT
     00000013  kvars_end                          HW_INIT
     00000015  acc16                              HW_INIT
     00000016  acc8                               HW_INIT
     00000017  out                                HW_INIT
     00000019  ctrl_c_vector                      HW_INIT
     0000001B  rx1_head                           HW_INIT
     0000001C  rx1_tail                           HW_INIT
     0000001D  rx1_queue                          HW_INIT
     0000002D  term_vars_end                      HW_INIT
ASxxxx Linker V03.00 + NoICE + sdld,  page 5.
Hexadecimal  [32-Bits]

Area                                    Addr        Size        Decimal Bytes (Attributes)
--------------------------------        ----        ----        ------- ----- ------------
HOME                                00008000    00000080 =         128. bytes (REL,CON)

      Value  Global                              Global Defined In Module
      -----  --------------------------------   ------------------------
ASxxxx Linker V03.00 + NoICE + sdld,  page 6.
Hexadecimal  [32-Bits]

Area                                    Addr        Size        Decimal Bytes (Attributes)
--------------------------------        ----        ----        ------- ----- ------------
CODE                                00008080    00004553 =       17747. bytes (REL,CON)

      Value  Global                              Global Defined In Module
      -----  --------------------------------   ------------------------
     00008080  NonHandledInterrupt                HW_INIT
     000080EB  set_int_priority                   HW_INIT
     0000822D  TrapHandler                        HW_INIT
     000082EB  beep_1khz                          HW_INIT
     000082FA  tone                               HW_INIT
     0000836F  prng                               HW_INIT
     00008391  set_seed                           HW_INIT
     000083B5  umul16_8                           HW_INIT
     00008404  multiply                           HW_INIT
     00008470  div32_16                           HW_INIT
     000084AC  divide                             HW_INIT
     00008581  putc                               HW_INIT
     00008598  uart_putc                          HW_INIT
     0000859D  uart_putc_nfc                      HW_INIT
     000085A6  qgetc                              HW_INIT
     000085A6  uart_qgetc                         HW_INIT
     000085AC  getc                               HW_INIT
     000085AC  uart_getc                          HW_INIT
     000085CD  puts                               HW_INIT
     000085D8  bksp                               HW_INIT
     000085EA  new_line                           HW_INIT
     000085F0  clr_screen                         HW_INIT
     000085FB  space                              HW_INIT
     00008601  spaces                             HW_INIT
     0000860D  readln                             HW_INIT
     0000871F  save_cursor_pos                    HW_INIT
     0000872A  restore_cursor_pos                 HW_INIT
     00008735  set_cursor_pos                     HW_INIT
     00008750  cursor_column                      HW_INIT
     0000875C  get_char_at                        HW_INIT
     00008779  cursor_pos                         HW_INIT
     0000881F  to_hex_char                        HW_INIT
     0000882A  print_hex                          HW_INIT
     0000883C  print_int                          HW_INIT
     00008847  itoa                               HW_INIT
     00008894  strlen                             HW_INIT
     0000889F  strcmp                             HW_INIT
     000088AE  strcpy                             HW_INIT
     000088BE  move                               HW_INIT
     00008902  to_upper                           HW_INIT
     0000890D  is_alpha                           HW_INIT
     0000891E  is_digit                           HW_INIT
     00008927  is_hex_digit                       HW_INIT
     00008935  is_alnum                           HW_INIT
     00008947  app_info                           HW_INIT
     00008977  spi_enable                         HW_INIT
     00008AFD  eeprom_write                       HW_INIT
     00008B29  eeprom_read                        HW_INIT
     00008BA1  eeprom_erase_chip                  HW_INIT
     00008BBE  addr_to_page                       HW_INIT
ASxxxx Linker V03.00 + NoICE + sdld,  page 7.
Hexadecimal  [32-Bits]

Area                                    Addr        Size        Decimal Bytes (Attributes)
--------------------------------        ----        ----        ------- ----- ------------
CODE                                00008080    00004553 =       17747. bytes (REL,CON)

      Value  Global                              Global Defined In Module
      -----  --------------------------------   ------------------------
     00008C04  WOZMON                             MONITOR
     00008D8E  search_lineno                      PROC_TABLE
     00008EED  escaped                            PROC_TABLE
     000091A2  compile                            PROC_TABLE
     0000923C  right_align                        PROC_TABLE
     000092E3  decompile                          PROC_TABLE
     00009673  syntax_error                       PROC_TABLE
     00009675  tb_error                           PROC_TABLE
     00009753  P1BASIC                            PROC_TABLE
     000097E7  kword_remark                       PROC_TABLE
     00009859  atoi16                             PROC_TABLE
     000098A1  search_dict                        PROC_TABLE
     00009AE5  kword_let                          PROC_TABLE
     00009EFF  prt_basic_line                     PROC_TABLE
     0000A6B1  cmd_call                           PROC_TABLE
     0000AB86  kword_dict                         PROC_TABLE
     0000AC72  forth_init                         EFORTH
     0000B88A  NEXT_CHAR                          EFORTH
     0000B898  ACCEPT_CHAR                        EFORTH
ASxxxx Linker V03.00 + NoICE + sdld,  page 8.
Hexadecimal  [32-Bits]

Area                                    Addr        Size        Decimal Bytes (Attributes)
--------------------------------        ----        ----        ------- ----- ------------
APP_DATA0                           00000000    0000003C =          60. bytes (ABS,CON)

      Value  Global                              Global Defined In Module
      -----  --------------------------------   ------------------------
     00000030  in.w                               PROC_TABLE
     00000031  in                                 PROC_TABLE
     00000032  count                              PROC_TABLE
     00000033  line.addr                          PROC_TABLE
     00000035  basicptr                           PROC_TABLE
     00000037  lomem                              PROC_TABLE
     00000039  himem                              PROC_TABLE
     0000003B  progend                            PROC_TABLE
     0000003D  dvar_bgn                           PROC_TABLE
     0000003F  dvar_end                           PROC_TABLE
     00000041  heap_free                          PROC_TABLE
     00000043  flags                              PROC_TABLE
ASxxxx Linker V03.00 + NoICE + sdld,  page 9.

Files Linked                              [ module(s) ]

build/stm8s207k8/p1Kernel.rel             [ HW_INIT ]
build/p1Monitor.rel                       [ MONITOR ]
build/p1Basic.rel                         [ PROC_TABLE ]
build/p1Forth.rel                         [ EFORTH ]

ASxxxx Linker V03.00 + NoICE + sdld,  page 10.

User Base Address Definitions

HOME = 0x8000
DATA = 0x0001
SSEG = 0xffffffff

